Archive member included to satisfy reference by file (symbol)

C:/ST/STM32CubeIDE_1.19.0/STM32CubeIDE/plugins/com.st.stm32cube.ide.mcu.externaltools.gnu-tools-for-stm32.13.3.rel1.win32_1.0.0.202411081344/tools/bin/../lib/gcc/arm-none-eabi/13.3.1/../../../../arm-none-eabi/lib/thumb/v7e-m+fp/hard\libc_nano.a(libc_a-exit.o)
                              C:/ST/STM32CubeIDE_1.19.0/STM32CubeIDE/plugins/com.st.stm32cube.ide.mcu.externaltools.gnu-tools-for-stm32.13.3.rel1.win32_1.0.0.202411081344/tools/bin/../lib/gcc/arm-none-eabi/13.3.1/../../../../arm-none-eabi/lib/thumb/v7e-m+fp/hard/crt0.o (exit)
C:/ST/STM32CubeIDE_1.19.0/STM32CubeIDE/plugins/com.st.stm32cube.ide.mcu.externaltools.gnu-tools-for-stm32.13.3.rel1.win32_1.0.0.202411081344/tools/bin/../lib/gcc/arm-none-eabi/13.3.1/../../../../arm-none-eabi/lib/thumb/v7e-m+fp/hard\libc_nano.a(libc_a-findfp.o)
                              C:/ST/STM32CubeIDE_1.19.0/STM32CubeIDE/plugins/com.st.stm32cube.ide.mcu.externaltools.gnu-tools-for-stm32.13.3.rel1.win32_1.0.0.202411081344/tools/bin/../lib/gcc/arm-none-eabi/13.3.1/../../../../arm-none-eabi/lib/thumb/v7e-m+fp/hard\libc_nano.a(libc_a-exit.o) (__stdio_exit_handler)
C:/ST/STM32CubeIDE_1.19.0/STM32CubeIDE/plugins/com.st.stm32cube.ide.mcu.externaltools.gnu-tools-for-stm32.13.3.rel1.win32_1.0.0.202411081344/tools/bin/../lib/gcc/arm-none-eabi/13.3.1/../../../../arm-none-eabi/lib/thumb/v7e-m+fp/hard\libc_nano.a(libc_a-fwalk.o)
                              C:/ST/STM32CubeIDE_1.19.0/STM32CubeIDE/plugins/com.st.stm32cube.ide.mcu.externaltools.gnu-tools-for-stm32.13.3.rel1.win32_1.0.0.202411081344/tools/bin/../lib/gcc/arm-none-eabi/13.3.1/../../../../arm-none-eabi/lib/thumb/v7e-m+fp/hard\libc_nano.a(libc_a-findfp.o) (_fwalk_sglue)
C:/ST/STM32CubeIDE_1.19.0/STM32CubeIDE/plugins/com.st.stm32cube.ide.mcu.externaltools.gnu-tools-for-stm32.13.3.rel1.win32_1.0.0.202411081344/tools/bin/../lib/gcc/arm-none-eabi/13.3.1/../../../../arm-none-eabi/lib/thumb/v7e-m+fp/hard\libc_nano.a(libc_a-stdio.o)
                              C:/ST/STM32CubeIDE_1.19.0/STM32CubeIDE/plugins/com.st.stm32cube.ide.mcu.externaltools.gnu-tools-for-stm32.13.3.rel1.win32_1.0.0.202411081344/tools/bin/../lib/gcc/arm-none-eabi/13.3.1/../../../../arm-none-eabi/lib/thumb/v7e-m+fp/hard\libc_nano.a(libc_a-findfp.o) (__sread)
C:/ST/STM32CubeIDE_1.19.0/STM32CubeIDE/plugins/com.st.stm32cube.ide.mcu.externaltools.gnu-tools-for-stm32.13.3.rel1.win32_1.0.0.202411081344/tools/bin/../lib/gcc/arm-none-eabi/13.3.1/../../../../arm-none-eabi/lib/thumb/v7e-m+fp/hard\libc_nano.a(libc_a-memset.o)
                              C:/ST/STM32CubeIDE_1.19.0/STM32CubeIDE/plugins/com.st.stm32cube.ide.mcu.externaltools.gnu-tools-for-stm32.13.3.rel1.win32_1.0.0.202411081344/tools/bin/../lib/gcc/arm-none-eabi/13.3.1/../../../../arm-none-eabi/lib/thumb/v7e-m+fp/hard/crt0.o (memset)
C:/ST/STM32CubeIDE_1.19.0/STM32CubeIDE/plugins/com.st.stm32cube.ide.mcu.externaltools.gnu-tools-for-stm32.13.3.rel1.win32_1.0.0.202411081344/tools/bin/../lib/gcc/arm-none-eabi/13.3.1/../../../../arm-none-eabi/lib/thumb/v7e-m+fp/hard\libc_nano.a(libc_a-closer.o)
                              C:/ST/STM32CubeIDE_1.19.0/STM32CubeIDE/plugins/com.st.stm32cube.ide.mcu.externaltools.gnu-tools-for-stm32.13.3.rel1.win32_1.0.0.202411081344/tools/bin/../lib/gcc/arm-none-eabi/13.3.1/../../../../arm-none-eabi/lib/thumb/v7e-m+fp/hard\libc_nano.a(libc_a-stdio.o) (_close_r)
C:/ST/STM32CubeIDE_1.19.0/STM32CubeIDE/plugins/com.st.stm32cube.ide.mcu.externaltools.gnu-tools-for-stm32.13.3.rel1.win32_1.0.0.202411081344/tools/bin/../lib/gcc/arm-none-eabi/13.3.1/../../../../arm-none-eabi/lib/thumb/v7e-m+fp/hard\libc_nano.a(libc_a-reent.o)
                              C:/ST/STM32CubeIDE_1.19.0/STM32CubeIDE/plugins/com.st.stm32cube.ide.mcu.externaltools.gnu-tools-for-stm32.13.3.rel1.win32_1.0.0.202411081344/tools/bin/../lib/gcc/arm-none-eabi/13.3.1/../../../../arm-none-eabi/lib/thumb/v7e-m+fp/hard\libc_nano.a(libc_a-closer.o) (errno)
C:/ST/STM32CubeIDE_1.19.0/STM32CubeIDE/plugins/com.st.stm32cube.ide.mcu.externaltools.gnu-tools-for-stm32.13.3.rel1.win32_1.0.0.202411081344/tools/bin/../lib/gcc/arm-none-eabi/13.3.1/../../../../arm-none-eabi/lib/thumb/v7e-m+fp/hard\libc_nano.a(libc_a-impure.o)
                              C:/ST/STM32CubeIDE_1.19.0/STM32CubeIDE/plugins/com.st.stm32cube.ide.mcu.externaltools.gnu-tools-for-stm32.13.3.rel1.win32_1.0.0.202411081344/tools/bin/../lib/gcc/arm-none-eabi/13.3.1/../../../../arm-none-eabi/lib/thumb/v7e-m+fp/hard\libc_nano.a(libc_a-reent.o) (_impure_ptr)
C:/ST/STM32CubeIDE_1.19.0/STM32CubeIDE/plugins/com.st.stm32cube.ide.mcu.externaltools.gnu-tools-for-stm32.13.3.rel1.win32_1.0.0.202411081344/tools/bin/../lib/gcc/arm-none-eabi/13.3.1/../../../../arm-none-eabi/lib/thumb/v7e-m+fp/hard\libc_nano.a(libc_a-lseekr.o)
[...]
Memory Configuration

Name             Origin             Length             Attributes
RAM              0x20000000         0x00018000         xrw
RAM2             0x10000000         0x00008000         xrw
FLASH            0x08000000         0x00100000         xr
*default*        0x00000000         0xffffffff

Linker script and memory map

LOAD C:/ST/STM32CubeIDE_1.19.0/STM32CubeIDE/plugins/com.st.stm32cube.ide.mcu.externaltools.gnu-tools-for-stm32.13.3.rel1.win32_1.0.0.202411081344/tools/bin/../lib/gcc/arm-none-eabi/13.3.1/thumb/v7e-m+fp/hard/crti.o
LOAD C:/ST/STM32CubeIDE_1.19.0/STM32CubeIDE/plugins/com.st.stm32cube.ide.mcu.externaltools.gnu-tools-for-stm32.13.3.rel1.win32_1.0.0.202411081344/tools/bin/../lib/gcc/arm-none-eabi/13.3.1/thumb/v7e-m+fp/hard/crtbegin.o
LOAD C:/ST/STM32CubeIDE_1.19.0/STM32CubeIDE/plugins/com.st.stm32cube.ide.mcu.externaltools.gnu-tools-for-stm32.13.3.rel1.win32_1.0.0.202411081344/tools/bin/../lib/gcc/arm-none-eabi/13.3.1/../../../../arm-none-eabi/lib/thumb/v7e-m+fp/hard/crt0.o
LOAD ./Core/Src/gpio.o
LOAD ./Core/Src/intersectionControl.o
LOAD ./Core/Src/lightCycle.o
LOAD ./Core/Src/main.o
LOAD ./Core/Src/spi.o
LOAD ./Core/Src/stm32l4xx_hal_msp.o
LOAD ./Core/Src/stm32l4xx_it.o
LOAD ./Core/Src/syscalls.o
LOAD ./Core/Src/sysmem.o
LOAD ./Core/Src/system_stm32l4xx.o
LOAD ./Core/Src/tim.o
LOAD ./Core/Src/usart.o
LOAD ./Core/Startup/startup_stm32l476rgtx.o
LOAD ./Drivers/STM32L4xx_HAL_Driver/Src/stm32l4xx_hal.o
LOAD ./Drivers/STM32L4xx_HAL_Driver/Src/stm32l4xx_hal_cortex.o
LOAD ./Drivers/STM32L4xx_HAL_Driver/Src/stm32l4xx_hal_dma.o
LOAD ./Drivers/STM32L4xx_HAL_Driver/Src/stm32l4xx_hal_dma_ex.o
LOAD ./Drivers/STM32L4xx_HAL_Driver/Src/stm32l4xx_hal_exti.o
LOAD ./Drivers/STM32L4xx_HAL_Driver/Src/stm32l4xx_hal_flash.o
LOAD ./Drivers/STM32L4xx_HAL_Driver/Src/stm32l4xx_hal_flash_ex.o
LOAD ./Drivers/STM32L4xx_HAL_Driver/Src/stm32l4xx_hal_flash_ramfunc.o
LOAD ./Drivers/STM32L4xx_HAL_Driver/Src/stm32l4xx_hal_gpio.o
LOAD ./Drivers/STM32L4xx_HAL_Driver/Src/stm32l4xx_hal_i2c.o
LOAD ./Drivers/STM32L4xx_HAL_Driver/Src/stm32l4xx_hal_i2c_ex.o
LOAD ./Drivers/STM32L4xx_HAL_Driver/Src/stm32l4xx_hal_pwr.o
LOAD ./Drivers/STM32L4xx_HAL_Driver/Src/stm32l4xx_hal_pwr_ex.o
LOAD ./Drivers/STM32L4xx_HAL_Driver/Src/stm32l4xx_hal_rcc.o
LOAD ./Drivers/STM32L4xx_HAL_Driver/Src/stm32l4xx_hal_rcc_ex.o
LOAD ./Drivers/STM32L4xx_HAL_Driver/Src/stm32l4xx_hal_spi.o
LOAD ./Drivers/STM32L4xx_HAL_Driver/Src/stm32l4xx_hal_spi_ex.o
LOAD ./Drivers/STM32L4xx_HAL_Driver/Src/stm32l4xx_hal_tim.o
LOAD ./Drivers/STM32L4xx_HAL_Driver/Src/stm32l4xx_hal_tim_ex.o
LOAD ./Drivers/STM32L4xx_HAL_Driver/Src/stm32l4xx_hal_uart.o
LOAD ./Drivers/STM32L4xx_HAL_Driver/Src/stm32l4xx_hal_uart_ex.o
START GROUP
LOAD C:/ST/STM32CubeIDE_1.19.0/STM32CubeIDE/plugins/com.st.stm32cube.ide.mcu.externaltools.gnu-tools-for-stm32.13.3.rel1.win32_1.0.0.202411081344/tools/bin/../lib/gcc/arm-none-eabi/13.3.1/../../../../arm-none-eabi/lib/thumb/v7e-m+fp/hard\libc_nano.a
LOAD C:/ST/STM32CubeIDE_1.19.0/STM32CubeIDE/plugins/com.st.stm32cube.ide.mcu.externaltools.gnu-tools-for-stm32.13.3.rel1.win32_1.0.0.202411081344/tools/bin/../lib/gcc/arm-none-eabi/13.3.1/../../../../arm-none-eabi/lib/thumb/v7e-m+fp/hard\libm.a
END GROUP
START GROUP
LOAD C:/ST/STM32CubeIDE_1.19.0/STM32CubeIDE/plugins/com.st.stm32cube.ide.mcu.externaltools.gnu-tools-for-stm32.13.3.rel1.win32_1.0.0.202411081344/tools/bin/../lib/gcc/arm-none-eabi/13.3.1/thumb/v7e-m+fp/hard\libgcc.a
LOAD C:/ST/STM32CubeIDE_1.19.0/STM32CubeIDE/plugins/com.st.stm32cube.ide.mcu.externaltools.gnu-tools-for-stm32.13.3.rel1.win32_1.0.0.202411081344/tools/bin/../lib/gcc/arm-none-eabi/13.3.1/../../../../arm-none-eabi/lib/thumb/v7e-m+fp/hard\libc_nano.a
END GROUP
START GROUP
LOAD C:/ST/STM32CubeIDE_1.19.0/STM32CubeIDE/plugins/com.st.stm32cube.ide.mcu.externaltools.gnu-tools-for-stm32.13.3.rel1.win32_1.0.0.202411081344/tools/bin/../lib/gcc/arm-none-eabi/13.3.1/thumb/v7e-m+fp/hard\libgcc.a
LOAD C:/ST/STM32CubeIDE_1.19.0/STM32CubeIDE/plugins/com.st.stm32cube.ide.mcu.externaltools.gnu-tools-for-stm32.13.3.rel1.win32_1.0.0.202411081344/tools/bin/../lib/gcc/arm-none-eabi/13.3.1/../../../../arm-none-eabi/lib/thumb/v7e-m+fp/hard\libc_nano.a
LOAD C:/ST/STM32CubeIDE_1.19.0/STM32CubeIDE/plugins/com.st.stm32cube.ide.mcu.externaltools.gnu-tools-for-stm32.13.3.rel1.win32_1.0.0.202411081344/tools/bin/../lib/gcc/arm-none-eabi/13.3.1/../../../../arm-none-eabi/lib/thumb/v7e-m+fp/hard\libnosys.a
END GROUP
START GROUP
LOAD C:/ST/STM32CubeIDE_1.19.0/STM32CubeIDE/plugins/com.st.stm32cube.ide.mcu.externaltools.gnu-tools-for-stm32.13.3.rel1.win32_1.0.0.202411081344/tools/bin/../lib/gcc/arm-none-eabi/13.3.1/thumb/v7e-m+fp/hard\libgcc.a
LOAD C:/ST/STM32CubeIDE_1.19.0/STM32CubeIDE/plugins/com.st.stm32cube.ide.mcu.externaltools.gnu-tools-for-stm32.13.3.rel1.win32_1.0.0.202411081344/tools/bin/../lib/gcc/arm-none-eabi/13.3.1/../../../../arm-none-eabi/lib/thumb/v7e-m+fp/hard\libc_nano.a
LOAD C:/ST/STM32CubeIDE_1.19.0/STM32CubeIDE/plugins/com.st.stm32cube.ide.mcu.externaltools.gnu-tools-for-stm32.13.3.rel1.win32_1.0.0.202411081344/tools/bin/../lib/gcc/arm-none-eabi/13.3.1/../../../../arm-none-eabi/lib/thumb/v7e-m+fp/hard\libnosys.a
END GROUP
LOAD C:/ST/STM32CubeIDE_1.19.0/STM32CubeIDE/plugins/com.st.stm32cube.ide.mcu.externaltools.gnu-tools-for-stm32.13.3.rel1.win32_1.0.0.202411081344/tools/bin/../lib/gcc/arm-none-eabi/13.3.1/thumb/v7e-m+fp/hard/crtend.o
LOAD C:/ST/STM32CubeIDE_1.19.0/STM32CubeIDE/plugins/com.st.stm32cube.ide.mcu.externaltools.gnu-tools-for-stm32.13.3.rel1.win32_1.0.0.202411081344/tools/bin/../lib/gcc/arm-none-eabi/13.3.1/thumb/v7e-m+fp/hard/crtn.o
                0x20018000                        _estack = (ORIGIN (RAM) + LENGTH (RAM))
                0x00000200                        _Min_Heap_Size = 0x200
                0x00000400                        _Min_Stack_Size = 0x400

.isr_vector     0x08000000      0x188
                0x08000000                        . = ALIGN (0x4)
 *(.isr_vector)
 .isr_vector    0x08000000      0x188 ./Core/Startup/startup_stm32l476rgtx.o
                0x08000000                g_pfnVectors
                0x08000188                        . = ALIGN (0x4)

.text           0x08000188     0x4d58
                0x08000188                        . = ALIGN (0x4)
 *(.text)
 .text          0x08000188       0x40 C:/ST/STM32CubeIDE_1.19.0/STM32CubeIDE/plugins/com.st.stm32cube.ide.mcu.externaltools.gnu-tools-for-stm32.13.3.rel1.win32_1.0.0.202411081344/tools/bin/../lib/gcc/arm-none-eabi/13.3.1/thumb/v7e-m+fp/hard/crtbegin.o
 .text          0x080001c8       0x30 C:/ST/STM32CubeIDE_1.19.0/STM32CubeIDE/plugins/com.st.stm32cube.ide.mcu.externaltools.gnu-tools-for-stm32.13.3.rel1.win32_1.0.0.202411081344/tools/bin/../lib/gcc/arm-none-eabi/13.3.1/thumb/v7e-m+fp/hard\libgcc.a(_aeabi_uldivmod.o)
                0x080001c8                __aeabi_uldivmod
 .text          0x080001f8      0x2f8 C:/ST/STM32CubeIDE_1.19.0/STM32CubeIDE/plugins/com.st.stm32cube.ide.mcu.externaltools.gnu-tools-for-stm32.13.3.rel1.win32_1.0.0.202411081344/tools/bin/../lib/gcc/arm-none-eabi/13.3.1/thumb/v7e-m+fp/hard\libgcc.a(_udivmoddi4.o)
                0x080001f8                __udivmoddi4
 .text          0x080004f0        0x4 C:/ST/STM32CubeIDE_1.19.0/STM32CubeIDE/plugins/com.st.stm32cube.ide.mcu.externaltools.gnu-tools-for-stm32.13.3.rel1.win32_1.0.0.202411081344/tools/bin/../lib/gcc/arm-none-eabi/13.3.1/thumb/v7e-m+fp/hard\libgcc.a(_dvmd_tls.o)
                0x080004f0                __aeabi_idiv0
                0x080004f0                __aeabi_ldiv0
 *(.text*)
 .text.MX_GPIO_Init
                0x080004f4      0x1d4 ./Core/Src/gpio.o
                0x080004f4                MX_GPIO_Init
 .text.initControler
                0x080006c8        0xc ./Core/Src/intersectionControl.o
                0x080006c8                initControler
 .text.intersection
                0x080006d4      0x108 ./Core/Src/intersectionControl.o
                0x080006d4                intersection
 .text.resetTiming
                0x080007dc       0x7c ./Core/Src/intersectionControl.o
                0x080007dc                resetTiming
 .text.toggle_PedIndicatorLight
                0x08000858       0x7c ./Core/Src/intersectionControl.o
                0x08000858                toggle_PedIndicatorLight
 .text.toggle_Intersection
                0x080008d4       0x88 ./Core/Src/intersectionControl.o
                0x080008d4                toggle_Intersection
 .text.HAL_GPIO_EXTI_Callback
                0x0800095c      0x18c ./Core/Src/intersectionControl.o
                0x0800095c                HAL_GPIO_EXTI_Callback
 .text.timer10ms_timeout
                0x08000ae8       0x70 ./Core/Src/intersectionControl.o
                0x08000ae8                timer10ms_timeout
 .text.toggle_Car
                0x08000b58       0x28 ./Core/Src/intersectionControl.o
                0x08000b58                toggle_Car
 .text.init_Intersection
                0x08000b80       0x52 ./Core/Src/lightCycle.o
                0x08000b80                init_Intersection
 .text.cycle_Intersection
                0x08000bd2      0x110 ./Core/Src/lightCycle.o
                0x08000bd2                cycle_Intersection
 .text.blink_Ped_Indicator
                0x08000ce2       0x3e ./Core/Src/lightCycle.o
                0x08000ce2                blink_Ped_Indicator
 .text.set_TLight
                0x08000d20      0x190 ./Core/Src/lightCycle.o
                0x08000d20                set_TLight
 .text.update_lights
                0x08000eb0       0x94 ./Core/Src/lightCycle.o
                0x08000eb0                update_lights
 .text.delay    0x08000f44       0x30 ./Core/Src/lightCycle.o
                0x08000f44                delay
 .text.main     0x08000f74       0x6c ./Core/Src/main.o
                0x08000f74                main
 .text.SystemClock_Config
                0x08000fe0       0xa2 ./Core/Src/main.o
                0x08000fe0                SystemClock_Config
 .text.Error_Handler
                0x08001082        0xc ./Core/Src/main.o
                0x08001082                Error_Handler
 *fill*         0x0800108e        0x2 
 .text.MX_SPI2_Init
                0x08001090       0x74 ./Core/Src/spi.o
                0x08001090                MX_SPI2_Init
 .text.MX_SPI3_Init
                0x08001104       0x7c ./Core/Src/spi.o
                0x08001104                MX_SPI3_Init
 .text.HAL_SPI_MspInit
                0x08001180      0x160 ./Core/Src/spi.o
                0x08001180                HAL_SPI_MspInit
 .text.HAL_MspInit
                0x080012e0       0x48 ./Core/Src/stm32l4xx_hal_msp.o
                0x080012e0                HAL_MspInit
 .text.NMI_Handler
                0x08001328        0x8 ./Core/Src/stm32l4xx_it.o
                0x08001328                NMI_Handler
 .text.HardFault_Handler
                0x08001330        0x8 ./Core/Src/stm32l4xx_it.o
                0x08001330                HardFault_Handler
 .text.MemManage_Handler
                0x08001338        0x8 ./Core/Src/stm32l4xx_it.o
                0x08001338                MemManage_Handler
 .text.BusFault_Handler
                0x08001340        0x8 ./Core/Src/stm32l4xx_it.o
                0x08001340                BusFault_Handler
 .text.UsageFault_Handler
                0x08001348        0x8 ./Core/Src/stm32l4xx_it.o
                0x08001348                UsageFault_Handler
 .text.SVC_Handler
                0x08001350        0xe ./Core/Src/stm32l4xx_it.o
                0x08001350                SVC_Handler
 .text.DebugMon_Handler
                0x0800135e        0xe ./Core/Src/stm32l4xx_it.o
                0x0800135e                DebugMon_Handler
 .text.PendSV_Handler
                0x0800136c        0xe ./Core/Src/stm32l4xx_it.o
                0x0800136c                PendSV_Handler
 .text.SysTick_Handler
                0x0800137a        0xc ./Core/Src/stm32l4xx_it.o
                0x0800137a                SysTick_Handler
 .text.EXTI4_IRQHandler
                0x08001386        0xe ./Core/Src/stm32l4xx_it.o
                0x08001386                EXTI4_IRQHandler
 .text.EXTI9_5_IRQHandler
                0x08001394        0xe ./Core/Src/stm32l4xx_it.o
                0x08001394                EXTI9_5_IRQHandler
 *fill*         0x080013a2        0x2 
 .text.TIM3_IRQHandler
                0x080013a4       0x18 ./Core/Src/stm32l4xx_it.o
                0x080013a4                TIM3_IRQHandler
 .text.EXTI15_10_IRQHandler
                0x080013bc       0x28 ./Core/Src/stm32l4xx_it.o
                0x080013bc                EXTI15_10_IRQHandler
 .text.SystemInit
                0x080013e4       0x24 ./Core/Src/system_stm32l4xx.o
                0x080013e4                SystemInit
 .text.MX_TIM3_Init
                0x08001408       0x9c ./Core/Src/tim.o
                0x08001408                MX_TIM3_Init
 .text.HAL_TIM_Base_MspInit
                0x080014a4       0x4c ./Core/Src/tim.o
                0x080014a4                HAL_TIM_Base_MspInit
 .text.MX_USART2_UART_Init
                0x080014f0       0x60 ./Core/Src/usart.o
                0x080014f0                MX_USART2_UART_Init
 .text.HAL_UART_MspInit
                0x08001550       0xb8 ./Core/Src/usart.o
                0x08001550                HAL_UART_MspInit
 .text.Reset_Handler
                0x08001608       0x50 ./Core/Startup/startup_stm32l476rgtx.o
                0x08001608                Reset_Handler
 .text.Default_Handler
                0x08001658        0x2 ./Core/Startup/startup_stm32l476rgtx.o
                0x08001658                RTC_Alarm_IRQHandler
                0x08001658                EXTI2_IRQHandler
                0x08001658                TIM8_TRG_COM_IRQHandler
                0x08001658                TIM8_CC_IRQHandler
                0x08001658                TIM1_CC_IRQHandler
                0x08001658                TSC_IRQHandler
                0x08001658                TAMP_STAMP_IRQHandler
                0x08001658                EXTI3_IRQHandler
                0x08001658                LPTIM2_IRQHandler
                0x08001658                DFSDM1_FLT1_IRQHandler
                0x08001658                I2C3_ER_IRQHandler
                0x08001658                DFSDM1_FLT2_IRQHandler
                0x08001658                EXTI0_IRQHandler
                0x08001658                I2C2_EV_IRQHandler
                0x08001658                CAN1_RX0_IRQHandler
                0x08001658                FPU_IRQHandler
                0x08001658                TIM1_UP_TIM16_IRQHandler
                0x08001658                ADC1_2_IRQHandler
                0x08001658                SPI1_IRQHandler
                0x08001658                TIM6_DAC_IRQHandler
                0x08001658                TIM8_UP_IRQHandler
                0x08001658                DMA2_Channel2_IRQHandler
                0x08001658                DMA1_Channel4_IRQHandler
                0x08001658                SAI2_IRQHandler
                0x08001658                DFSDM1_FLT3_IRQHandler
                0x08001658                USART3_IRQHandler
                0x08001658                DMA1_Channel7_IRQHandler
                0x08001658                CAN1_RX1_IRQHandler
                0x08001658                LCD_IRQHandler
                0x08001658                UART5_IRQHandler
                0x08001658                ADC3_IRQHandler
                0x08001658                TIM4_IRQHandler
                0x08001658                DMA2_Channel1_IRQHandler
                0x08001658                QUADSPI_IRQHandler
                0x08001658                I2C1_EV_IRQHandler
                0x08001658                DMA1_Channel6_IRQHandler
                0x08001658                UART4_IRQHandler
                0x08001658                DMA2_Channel4_IRQHandler
                0x08001658                RCC_IRQHandler
                0x08001658                DMA1_Channel1_IRQHandler
                0x08001658                Default_Handler
                0x08001658                DMA2_Channel7_IRQHandler
                0x08001658                TIM7_IRQHandler
                0x08001658                SDMMC1_IRQHandler
                0x08001658                TIM5_IRQHandler
                0x08001658                I2C3_EV_IRQHandler
                0x08001658                RTC_WKUP_IRQHandler
                0x08001658                PVD_PVM_IRQHandler
                0x08001658                SPI2_IRQHandler
                0x08001658                CAN1_TX_IRQHandler
                0x08001658                DMA2_Channel5_IRQHandler
                0x08001658                DMA1_Channel5_IRQHandler
                0x08001658                RNG_IRQHandler
                0x08001658                TIM1_TRG_COM_TIM17_IRQHandler
                0x08001658                DMA1_Channel3_IRQHandler
                0x08001658                COMP_IRQHandler
                0x08001658                WWDG_IRQHandler
                0x08001658                LPUART1_IRQHandler
                0x08001658                DMA2_Channel6_IRQHandler
                0x08001658                TIM2_IRQHandler
                0x08001658                EXTI1_IRQHandler
                0x08001658                USART2_IRQHandler
                0x08001658                DFSDM1_FLT0_IRQHandler
                0x08001658                I2C2_ER_IRQHandler
                0x08001658                DMA1_Channel2_IRQHandler
                0x08001658                TIM8_BRK_IRQHandler
                0x08001658                CAN1_SCE_IRQHandler
                0x08001658                FLASH_IRQHandler
                0x08001658                USART1_IRQHandler
                0x08001658                OTG_FS_IRQHandler
                0x08001658                SPI3_IRQHandler
                0x08001658                I2C1_ER_IRQHandler
                0x08001658                FMC_IRQHandler
                0x08001658                SWPMI1_IRQHandler
                0x08001658                LPTIM1_IRQHandler
                0x08001658                SAI1_IRQHandler
                0x08001658                DMA2_Channel3_IRQHandler
                0x08001658                TIM1_BRK_TIM15_IRQHandler
 *fill*         0x0800165a        0x2 
 .text.HAL_Init
                0x0800165c       0x40 ./Drivers/STM32L4xx_HAL_Driver/Src/stm32l4xx_hal.o
                0x0800165c                HAL_Init
 .text.HAL_InitTick
                0x0800169c       0x78 ./Drivers/STM32L4xx_HAL_Driver/Src/stm32l4xx_hal.o
                0x0800169c                HAL_InitTick
 .text.HAL_IncTick
                0x08001714       0x28 ./Drivers/STM32L4xx_HAL_Driver/Src/stm32l4xx_hal.o
                0x08001714                HAL_IncTick
 .text.HAL_GetTick
                0x0800173c       0x18 ./Drivers/STM32L4xx_HAL_Driver/Src/stm32l4xx_hal.o
                0x0800173c                HAL_GetTick
 .text.__NVIC_SetPriorityGrouping
                0x08001754       0x48 ./Drivers/STM32L4xx_HAL_Driver/Src/stm32l4xx_hal_cortex.o
 .text.__NVIC_GetPriorityGrouping
                0x0800179c       0x1c ./Drivers/STM32L4xx_HAL_Driver/Src/stm32l4xx_hal_cortex.o
 .text.__NVIC_EnableIRQ
                0x080017b8       0x3c ./Drivers/STM32L4xx_HAL_Driver/Src/stm32l4xx_hal_cortex.o
 .text.__NVIC_SetPriority
                0x080017f4       0x54 ./Drivers/STM32L4xx_HAL_Driver/Src/stm32l4xx_hal_cortex.o
 .text.NVIC_EncodePriority
                0x08001848       0x66 ./Drivers/STM32L4xx_HAL_Driver/Src/stm32l4xx_hal_cortex.o
 *fill*         0x080018ae        0x2 
 .text.SysTick_Config
                0x080018b0       0x44 ./Drivers/STM32L4xx_HAL_Driver/Src/stm32l4xx_hal_cortex.o
 .text.HAL_NVIC_SetPriorityGrouping
                0x080018f4       0x16 ./Drivers/STM32L4xx_HAL_Driver/Src/stm32l4xx_hal_cortex.o
                0x080018f4                HAL_NVIC_SetPriorityGrouping
 .text.HAL_NVIC_SetPriority
                0x0800190a       0x38 ./Drivers/STM32L4xx_HAL_Driver/Src/stm32l4xx_hal_cortex.o
                0x0800190a                HAL_NVIC_SetPriority
 .text.HAL_NVIC_EnableIRQ
                0x08001942       0x1c ./Drivers/STM32L4xx_HAL_Driver/Src/stm32l4xx_hal_cortex.o
                0x08001942                HAL_NVIC_EnableIRQ
 .text.HAL_SYSTICK_Config
                0x0800195e       0x18 ./Drivers/STM32L4xx_HAL_Driver/Src/stm32l4xx_hal_cortex.o
                0x0800195e                HAL_SYSTICK_Config
 *fill*         0x08001976        0x2 
 .text.HAL_GPIO_Init
                0x08001978      0x354 ./Drivers/STM32L4xx_HAL_Driver/Src/stm32l4xx_hal_gpio.o
                0x08001978                HAL_GPIO_Init
 .text.HAL_GPIO_WritePin
                0x08001ccc       0x30 ./Drivers/STM32L4xx_HAL_Driver/Src/stm32l4xx_hal_gpio.o
                0x08001ccc                HAL_GPIO_WritePin
 .text.HAL_GPIO_EXTI_IRQHandler
                0x08001cfc       0x30 ./Drivers/STM32L4xx_HAL_Driver/Src/stm32l4xx_hal_gpio.o
                0x08001cfc                HAL_GPIO_EXTI_IRQHandler
 .text.HAL_PWREx_GetVoltageRange
                0x08001d2c       0x1c ./Drivers/STM32L4xx_HAL_Driver/Src/stm32l4xx_hal_pwr_ex.o
                0x08001d2c                HAL_PWREx_GetVoltageRange
 .text.HAL_PWREx_ControlVoltageScaling
                0x08001d48       0xac ./Drivers/STM32L4xx_HAL_Driver/Src/stm32l4xx_hal_pwr_ex.o
                0x08001d48                HAL_PWREx_ControlVoltageScaling
 .text.HAL_RCC_OscConfig
                0x08001df4      0x7b8 ./Drivers/STM32L4xx_HAL_Driver/Src/stm32l4xx_hal_rcc.o
                0x08001df4                HAL_RCC_OscConfig
 .text.HAL_RCC_ClockConfig
                0x080025ac      0x200 ./Drivers/STM32L4xx_HAL_Driver/Src/stm32l4xx_hal_rcc.o
                0x080025ac                HAL_RCC_ClockConfig
 .text.HAL_RCC_GetSysClockFreq
                0x080027ac      0x118 ./Drivers/STM32L4xx_HAL_Driver/Src/stm32l4xx_hal_rcc.o
                0x080027ac                HAL_RCC_GetSysClockFreq
 .text.HAL_RCC_GetHCLKFreq
                0x080028c4       0x18 ./Drivers/STM32L4xx_HAL_Driver/Src/stm32l4xx_hal_rcc.o
                0x080028c4                HAL_RCC_GetHCLKFreq
 .text.HAL_RCC_GetPCLK1Freq
                0x080028dc       0x2c ./Drivers/STM32L4xx_HAL_Driver/Src/stm32l4xx_hal_rcc.o
                0x080028dc                HAL_RCC_GetPCLK1Freq
 .text.HAL_RCC_GetPCLK2Freq
                0x08002908       0x2c ./Drivers/STM32L4xx_HAL_Driver/Src/stm32l4xx_hal_rcc.o
                0x08002908                HAL_RCC_GetPCLK2Freq
 .text.RCC_SetFlashLatencyFromMSIRange
                0x08002934       0xc0 ./Drivers/STM32L4xx_HAL_Driver/Src/stm32l4xx_hal_rcc.o
 .text.HAL_RCCEx_PeriphCLKConfig
                0x080029f4      0x5d4 ./Drivers/STM32L4xx_HAL_Driver/Src/stm32l4xx_hal_rcc_ex.o
                0x080029f4                HAL_RCCEx_PeriphCLKConfig
 .text.RCCEx_PLLSAI1_Config
                0x08002fc8      0x1e8 ./Drivers/STM32L4xx_HAL_Driver/Src/stm32l4xx_hal_rcc_ex.o
 .text.RCCEx_PLLSAI2_Config
                0x080031b0      0x1bc ./Drivers/STM32L4xx_HAL_Driver/Src/stm32l4xx_hal_rcc_ex.o
 .text.HAL_SPI_Init
                0x0800336c      0x146 ./Drivers/STM32L4xx_HAL_Driver/Src/stm32l4xx_hal_spi.o
                0x0800336c                HAL_SPI_Init
 .text.HAL_SPI_Transmit
                0x080034b2      0x2ec ./Drivers/STM32L4xx_HAL_Driver/Src/stm32l4xx_hal_spi.o
                0x080034b2                HAL_SPI_Transmit
 *fill*         0x0800379e        0x2 
 .text.SPI_WaitFlagStateUntilTimeout
                0x080037a0      0x110 ./Drivers/STM32L4xx_HAL_Driver/Src/stm32l4xx_hal_spi.o
 .text.SPI_WaitFifoStateUntilTimeout
                0x080038b0      0x12c ./Drivers/STM32L4xx_HAL_Driver/Src/stm32l4xx_hal_spi.o
 .text.SPI_EndRxTxTransaction
                0x080039dc       0x8c ./Drivers/STM32L4xx_HAL_Driver/Src/stm32l4xx_hal_spi.o
 .text.HAL_TIM_Base_Init
                0x08003a68       0xae ./Drivers/STM32L4xx_HAL_Driver/Src/stm32l4xx_hal_tim.o
                0x08003a68                HAL_TIM_Base_Init
 *fill*         0x08003b16        0x2 
 .text.HAL_TIM_Base_Start_IT
                0x08003b18       0xe0 ./Drivers/STM32L4xx_HAL_Driver/Src/stm32l4xx_hal_tim.o
                0x08003b18                HAL_TIM_Base_Start_IT
 .text.HAL_TIM_IRQHandler
                0x08003bf8      0x20e ./Drivers/STM32L4xx_HAL_Driver/Src/stm32l4xx_hal_tim.o
                0x08003bf8                HAL_TIM_IRQHandler
 .text.HAL_TIM_ConfigClockSource
                0x08003e06      0x192 ./Drivers/STM32L4xx_HAL_Driver/Src/stm32l4xx_hal_tim.o
                0x08003e06                HAL_TIM_ConfigClockSource
 .text.HAL_TIM_PeriodElapsedCallback
                0x08003f98       0x14 ./Drivers/STM32L4xx_HAL_Driver/Src/stm32l4xx_hal_tim.o
                0x08003f98                HAL_TIM_PeriodElapsedCallback
 .text.HAL_TIM_OC_DelayElapsedCallback
                0x08003fac       0x14 ./Drivers/STM32L4xx_HAL_Driver/Src/stm32l4xx_hal_tim.o
                0x08003fac                HAL_TIM_OC_DelayElapsedCallback
 .text.HAL_TIM_IC_CaptureCallback
                0x08003fc0       0x14 ./Drivers/STM32L4xx_HAL_Driver/Src/stm32l4xx_hal_tim.o
                0x08003fc0                HAL_TIM_IC_CaptureCallback
 .text.HAL_TIM_PWM_PulseFinishedCallback
                0x08003fd4       0x14 ./Drivers/STM32L4xx_HAL_Driver/Src/stm32l4xx_hal_tim.o
                0x08003fd4                HAL_TIM_PWM_PulseFinishedCallback
 .text.HAL_TIM_TriggerCallback
                0x08003fe8       0x14 ./Drivers/STM32L4xx_HAL_Driver/Src/stm32l4xx_hal_tim.o
                0x08003fe8                HAL_TIM_TriggerCallback
 .text.TIM_Base_SetConfig
                0x08003ffc      0x140 ./Drivers/STM32L4xx_HAL_Driver/Src/stm32l4xx_hal_tim.o
                0x08003ffc                TIM_Base_SetConfig
 .text.TIM_TI1_ConfigInputStage
                0x0800413c       0xa8 ./Drivers/STM32L4xx_HAL_Driver/Src/stm32l4xx_hal_tim.o
 .text.TIM_TI2_ConfigInputStage
                0x080041e4       0x84 ./Drivers/STM32L4xx_HAL_Driver/Src/stm32l4xx_hal_tim.o
 .text.TIM_ITRx_SetConfig
                0x08004268       0x36 ./Drivers/STM32L4xx_HAL_Driver/Src/stm32l4xx_hal_tim.o
 .text.TIM_ETR_SetConfig
                0x0800429e       0x40 ./Drivers/STM32L4xx_HAL_Driver/Src/stm32l4xx_hal_tim.o
                0x0800429e                TIM_ETR_SetConfig
 *fill*         0x080042de        0x2 
 .text.HAL_TIMEx_MasterConfigSynchronization
                0x080042e0      0x110 ./Drivers/STM32L4xx_HAL_Driver/Src/stm32l4xx_hal_tim_ex.o
                0x080042e0                HAL_TIMEx_MasterConfigSynchronization
 .text.HAL_TIMEx_CommutCallback
                0x080043f0       0x14 ./Drivers/STM32L4xx_HAL_Driver/Src/stm32l4xx_hal_tim_ex.o
                0x080043f0                HAL_TIMEx_CommutCallback
 .text.HAL_TIMEx_BreakCallback
                0x08004404       0x14 ./Drivers/STM32L4xx_HAL_Driver/Src/stm32l4xx_hal_tim_ex.o
                0x08004404                HAL_TIMEx_BreakCallback
 .text.HAL_TIMEx_Break2Callback
                0x08004418       0x14 ./Drivers/STM32L4xx_HAL_Driver/Src/stm32l4xx_hal_tim_ex.o
                0x08004418                HAL_TIMEx_Break2Callback
 .text.HAL_UART_Init
                0x0800442c       0x9c ./Drivers/STM32L4xx_HAL_Driver/Src/stm32l4xx_hal_uart.o
                0x0800442c                HAL_UART_Init
 .text.UART_SetConfig
                0x080044c8      0x570 ./Drivers/STM32L4xx_HAL_Driver/Src/stm32l4xx_hal_uart.o
                0x080044c8                UART_SetConfig
 .text.UART_AdvFeatureConfig
                0x08004a38      0x144 ./Drivers/STM32L4xx_HAL_Driver/Src/stm32l4xx_hal_uart.o
                0x08004a38                UART_AdvFeatureConfig
 .text.UART_CheckIdleState
                0x08004b7c      0x150 ./Drivers/STM32L4xx_HAL_Driver/Src/stm32l4xx_hal_uart.o
                0x08004b7c                UART_CheckIdleState
 .text.UART_WaitOnFlagUntilTimeout
                0x08004ccc       0xda ./Drivers/STM32L4xx_HAL_Driver/Src/stm32l4xx_hal_uart.o
                0x08004ccc                UART_WaitOnFlagUntilTimeout
 .text.UART_EndRxTransfer
                0x08004da6       0xc8 ./Drivers/STM32L4xx_HAL_Driver/Src/stm32l4xx_hal_uart.o
 .text.memset   0x08004e6e       0x10 C:/ST/STM32CubeIDE_1.19.0/STM32CubeIDE/plugins/com.st.stm32cube.ide.mcu.externaltools.gnu-tools-for-stm32.13.3.rel1.win32_1.0.0.202411081344/tools/bin/../lib/gcc/arm-none-eabi/13.3.1/../../../../arm-none-eabi/lib/thumb/v7e-m+fp/hard\libc_nano.a(libc_a-memset.o)
                0x08004e6e                memset
 *fill*         0x08004e7e        0x2 
 .text.__libc_init_array
                0x08004e80       0x48 C:/ST/STM32CubeIDE_1.19.0/STM32CubeIDE/plugins/com.st.stm32cube.ide.mcu.externaltools.gnu-tools-for-stm32.13.3.rel1.win32_1.0.0.202411081344/tools/bin/../lib/gcc/arm-none-eabi/13.3.1/../../../../arm-none-eabi/lib/thumb/v7e-m+fp/hard\libc_nano.a(libc_a-init.o)
                0x08004e80                __libc_init_array
 *(.glue_7)
 .glue_7        0x08004ec8        0x0 linker stubs
 *(.glue_7t)
 .glue_7t       0x08004ec8        0x0 linker stubs
 *(.eh_frame)
 .eh_frame      0x08004ec8        0x0 C:/ST/STM32CubeIDE_1.19.0/STM32CubeIDE/plugins/com.st.stm32cube.ide.mcu.externaltools.gnu-tools-for-stm32.13.3.rel1.win32_1.0.0.202411081344/tools/bin/../lib/gcc/arm-none-eabi/13.3.1/thumb/v7e-m+fp/hard/crtbegin.o
 *(.init)
 .init          0x08004ec8        0x4 C:/ST/STM32CubeIDE_1.19.0/STM32CubeIDE/plugins/com.st.stm32cube.ide.mcu.externaltools.gnu-tools-for-stm32.13.3.rel1.win32_1.0.0.202411081344/tools/bin/../lib/gcc/arm-none-eabi/13.3.1/thumb/v7e-m+fp/hard/crti.o
                0x08004ec8                _init
 .init          0x08004ecc        0x8 C:/ST/STM32CubeIDE_1.19.0/STM32CubeIDE/plugins/com.st.stm32cube.ide.mcu.externaltools.gnu-tools-for-stm32.13.3.rel1.win32_1.0.0.202411081344/tools/bin/../lib/gcc/arm-none-eabi/13.3.1/thumb/v7e-m+fp/hard/crtn.o
 *(.fini)
 .fini          0x08004ed4        0x4 C:/ST/STM32CubeIDE_1.19.0/STM32CubeIDE/plugins/com.st.stm32cube.ide.mcu.externaltools.gnu-tools-for-stm32.13.3.rel1.win32_1.0.0.202411081344/tools/bin/../lib/gcc/arm-none-eabi/13.3.1/thumb/v7e-m+fp/hard/crti.o
                0x08004ed4                _fini
 .fini          0x08004ed8        0x8 C:/ST/STM32CubeIDE_1.19.0/STM32CubeIDE/plugins/com.st.stm32cube.ide.mcu.externaltools.gnu-tools-for-stm32.13.3.rel1.win32_1.0.0.202411081344/tools/bin/../lib/gcc/arm-none-eabi/13.3.1/thumb/v7e-m+fp/hard/crtn.o
                0x08004ee0                        . = ALIGN (0x4)
                0x08004ee0                        _etext = .

.vfp11_veneer   0x08004ee0        0x0
 .vfp11_veneer  0x08004ee0        0x0 linker stubs

.v4_bx          0x08004ee0        0x0
 .v4_bx         0x08004ee0        0x0 linker stubs

.iplt           0x08004ee0        0x0
 .iplt          0x08004ee0        0x0 C:/ST/STM32CubeIDE_1.19.0/STM32CubeIDE/plugins/com.st.stm32cube.ide.mcu.externaltools.gnu-tools-for-stm32.13.3.rel1.win32_1.0.0.202411081344/tools/bin/../lib/gcc/arm-none-eabi/13.3.1/thumb/v7e-m+fp/hard/crtbegin.o

.rodata         0x08004ee0       0x48
                0x08004ee0                        . = ALIGN (0x4)
 *(.rodata)
 *(.rodata*)
 .rodata.AHBPrescTable
                0x08004ee0       0x10 ./Core/Src/system_stm32l4xx.o
                0x08004ee0                AHBPrescTable
 .rodata.APBPrescTable
                0x08004ef0        0x8 ./Core/Src/system_stm32l4xx.o
                0x08004ef0                APBPrescTable
 .rodata.MSIRangeTable
                0x08004ef8       0x30 ./Core/Src/system_stm32l4xx.o
                0x08004ef8                MSIRangeTable
                0x08004f28                        . = ALIGN (0x4)

.ARM.extab      0x08004f28        0x0
                0x08004f28                        . = ALIGN (0x4)
 *(.ARM.extab* .gnu.linkonce.armextab.*)
                0x08004f28                        . = ALIGN (0x4)

.ARM            0x08004f28        0x8
                0x08004f28                        . = ALIGN (0x4)
                0x08004f28                        __exidx_start = .
 *(.ARM.exidx*)
 .ARM.exidx     0x08004f28        0x8 C:/ST/STM32CubeIDE_1.19.0/STM32CubeIDE/plugins/com.st.stm32cube.ide.mcu.externaltools.gnu-tools-for-stm32.13.3.rel1.win32_1.0.0.202411081344/tools/bin/../lib/gcc/arm-none-eabi/13.3.1/thumb/v7e-m+fp/hard\libgcc.a(_udivmoddi4.o)
                0x08004f30                        __exidx_end = .
                0x08004f30                        . = ALIGN (0x4)

.preinit_array  0x08004f30        0x0
                0x08004f30                        . = ALIGN (0x4)
                0x08004f30                        PROVIDE (__preinit_array_start = .)
 *(.preinit_array*)
                0x08004f30                        PROVIDE (__preinit_array_end = .)
                0x08004f30                        . = ALIGN (0x4)

.init_array     0x08004f30        0x4
                0x08004f30                        . = ALIGN (0x4)
                0x08004f30                        PROVIDE (__init_array_start = .)
 *(SORT_BY_NAME(.init_array.*))
 *(.init_array*)
 .init_array    0x08004f30        0x4 C:/ST/STM32CubeIDE_1.19.0/STM32CubeIDE/plugins/com.st.stm32cube.ide.mcu.externaltools.gnu-tools-for-stm32.13.3.rel1.win32_1.0.0.202411081344/tools/bin/../lib/gcc/arm-none-eabi/13.3.1/thumb/v7e-m+fp/hard/crtbegin.o
                0x08004f34                        PROVIDE (__init_array_end = .)
                0x08004f34                        . = ALIGN (0x4)

.fini_array     0x08004f34        0x4
                0x08004f34                        . = ALIGN (0x4)
                [!provide]                        PROVIDE (__fini_array_start = .)
 *(SORT_BY_NAME(.fini_array.*))
 *(.fini_array*)
 .fini_array    0x08004f34        0x4 C:/ST/STM32CubeIDE_1.19.0/STM32CubeIDE/plugins/com.st.stm32cube.ide.mcu.externaltools.gnu-tools-for-stm32.13.3.rel1.win32_1.0.0.202411081344/tools/bin/../lib/gcc/arm-none-eabi/13.3.1/thumb/v7e-m+fp/hard/crtbegin.o
                [!provide]                        PROVIDE (__fini_array_end = .)
                0x08004f38                        . = ALIGN (0x4)
                0x08004f38                        _sidata = LOADADDR (.data)

.rel.dyn        0x08004f38        0x0
 .rel.iplt      0x08004f38        0x0 C:/ST/STM32CubeIDE_1.19.0/STM32CubeIDE/plugins/com.st.stm32cube.ide.mcu.externaltools.gnu-tools-for-stm32.13.3.rel1.win32_1.0.0.202411081344/tools/bin/../lib/gcc/arm-none-eabi/13.3.1/thumb/v7e-m+fp/hard/crtbegin.o

.data           0x20000000       0x14 load address 0x08004f38
                0x20000000                        . = ALIGN (0x4)
                0x20000000                        _sdata = .
 *(.data)
 *(.data*)
 .data.redWaitTimeStamp
                0x20000000        0x4 ./Core/Src/intersectionControl.o
                0x20000000                redWaitTimeStamp
 .data.pedWaitTimeStamp
                0x20000004        0x4 ./Core/Src/intersectionControl.o
                0x20000004                pedWaitTimeStamp
 .data.SystemCoreClock
                0x20000008        0x4 ./Core/Src/system_stm32l4xx.o
                0x20000008                SystemCoreClock
 .data.uwTickPrio
                0x2000000c        0x4 ./Drivers/STM32L4xx_HAL_Driver/Src/stm32l4xx_hal.o
                0x2000000c                uwTickPrio
 .data.uwTickFreq
                0x20000010        0x1 ./Drivers/STM32L4xx_HAL_Driver/Src/stm32l4xx_hal.o
                0x20000010                uwTickFreq
 *(.RamFunc)
 *(.RamFunc*)
                0x20000014                        . = ALIGN (0x4)
 *fill*         0x20000011        0x3 
                0x20000014                        _edata = .

.igot.plt       0x20000014        0x0 load address 0x08004f4c
 .igot.plt      0x20000014        0x0 C:/ST/STM32CubeIDE_1.19.0/STM32CubeIDE/plugins/com.st.stm32cube.ide.mcu.externaltools.gnu-tools-for-stm32.13.3.rel1.win32_1.0.0.202411081344/tools/bin/../lib/gcc/arm-none-eabi/13.3.1/thumb/v7e-m+fp/hard/crtbegin.o
                0x20000014                        . = ALIGN (0x4)

.bss            0x20000014      0x1dc load address 0x08004f4c
                0x20000014                        _sbss = .
                0x20000014                        __bss_start__ = _sbss
 *(.bss)
 .bss           0x20000014       0x1c C:/ST/STM32CubeIDE_1.19.0/STM32CubeIDE/plugins/com.st.stm32cube.ide.mcu.externaltools.gnu-tools-for-stm32.13.3.rel1.win32_1.0.0.202411081344/tools/bin/../lib/gcc/arm-none-eabi/13.3.1/thumb/v7e-m+fp/hard/crtbegin.o
 *(.bss*)
 .bss.NCar      0x20000030        0x1 ./Core/Src/intersectionControl.o
                0x20000030                NCar
 .bss.SCar      0x20000031        0x1 ./Core/Src/intersectionControl.o
                0x20000031                SCar
 .bss.ECar      0x20000032        0x1 ./Core/Src/intersectionControl.o
                0x20000032                ECar
 .bss.WCar      0x20000033        0x1 ./Core/Src/intersectionControl.o
                0x20000033                WCar
 .bss.NSPed_btn
                0x20000034        0x1 ./Core/Src/intersectionControl.o
                0x20000034                NSPed_btn
 .bss.EWPed_btn
                0x20000035        0x1 ./Core/Src/intersectionControl.o
                0x20000035                EWPed_btn
 .bss.NSPed_InLight
                0x20000036        0x1 ./Core/Src/intersectionControl.o
                0x20000036                NSPed_InLight
 .bss.EWPed_InLight
                0x20000037        0x1 ./Core/Src/intersectionControl.o
                0x20000037                EWPed_InLight
 .bss.currentWaitTime
                0x20000038        0x4 ./Core/Src/intersectionControl.o
                0x20000038                currentWaitTime
 .bss.ILightToggleTimeStamp
                0x2000003c        0x4 ./Core/Src/intersectionControl.o
                0x2000003c                ILightToggleTimeStamp
 .bss.currentDir
                0x20000040        0x1 ./Core/Src/intersectionControl.o
                0x20000040                currentDir
 *fill*         0x20000041        0x3 
 .bss.currentLights
                0x20000044        0x4 ./Core/Src/lightCycle.o
                0x20000044                currentLights
 .bss.nextLights
                0x20000048        0x4 ./Core/Src/lightCycle.o
                0x20000048                nextLights
 .bss.interruptLights
                0x2000004c        0x4 ./Core/Src/lightCycle.o
                0x2000004c                interruptLights
 .bss.hspi2     0x20000050       0x64 ./Core/Src/spi.o
                0x20000050                hspi2
 .bss.hspi3     0x200000b4       0x64 ./Core/Src/spi.o
                0x200000b4                hspi3
 .bss.htim3     0x20000118       0x4c ./Core/Src/tim.o
                0x20000118                htim3
 .bss.huart2    0x20000164       0x88 ./Core/Src/usart.o
                0x20000164                huart2
 .bss.uwTick    0x200001ec        0x4 ./Drivers/STM32L4xx_HAL_Driver/Src/stm32l4xx_hal.o
                0x200001ec                uwTick
 *(COMMON)
                0x200001f0                        . = ALIGN (0x4)
                0x200001f0                        _ebss = .
                0x200001f0                        __bss_end__ = _ebss

._user_heap_stack
                0x200001f0      0x600 load address 0x08004f4c
                0x200001f0                        . = ALIGN (0x8)
                [!provide]                        PROVIDE (end = .)
                0x200001f0                        PROVIDE (_end = .)
                0x200003f0                        . = (. + _Min_Heap_Size)
 *fill*         0x200001f0      0x200 
                0x200007f0                        . = (. + _Min_Stack_Size)
 *fill*         0x200003f0      0x400 
                0x200007f0                        . = ALIGN (0x8)

/DISCARD/
 libc.a(*)
 libm.a(*)
 libgcc.a(*)

.ARM.attributes
                0x00000000       0x30
 *(.ARM.attributes)
 .ARM.attributes
                0x00000000       0x22 C:/ST/STM32CubeIDE_1.19.0/STM32CubeIDE/plugins/com.st.stm32cube.ide.mcu.externaltools.gnu-tools-for-stm32.13.3.rel1.win32_1.0.0.202411081344/tools/bin/../lib/gcc/arm-none-eabi/13.3.1/thumb/v7e-m+fp/hard/crti.o
 .ARM.attributes
                0x00000022       0x34 C:/ST/STM32CubeIDE_1.19.0/STM32CubeIDE/plugins/com.st.stm32cube.ide.mcu.externaltools.gnu-tools-for-stm32.13.3.rel1.win32_1.0.0.202411081344/tools/bin/../lib/gcc/arm-none-eabi/13.3.1/thumb/v7e-m+fp/hard/crtbegin.o
 .ARM.attributes
                0x00000056       0x34 ./Core/Src/gpio.o
 .ARM.attributes
                0x0000008a       0x34 ./Core/Src/intersectionControl.o
 .ARM.attributes
                0x000000be       0x34 ./Core/Src/lightCycle.o
 .ARM.attributes
                0x000000f2       0x34 ./Core/Src/main.o
 .ARM.attributes
                0x00000126       0x34 ./Core/Src/spi.o
 .ARM.attributes
                0x0000015a       0x34 ./Core/Src/stm32l4xx_hal_msp.o
 .ARM.attributes
                0x0000018e       0x34 ./Core/Src/stm32l4xx_it.o
 .ARM.attributes
                0x000001c2       0x34 ./Core/Src/system_stm32l4xx.o
 .ARM.attributes
                0x000001f6       0x34 ./Core/Src/tim.o
 .ARM.attributes
                0x0000022a       0x34 ./Core/Src/usart.o
 .ARM.attributes
                0x0000025e       0x21 ./Core/Startup/startup_stm32l476rgtx.o
 .ARM.attributes
                0x0000027f       0x34 ./Drivers/STM32L4xx_HAL_Driver/Src/stm32l4xx_hal.o
 .ARM.attributes
                0x000002b3       0x34 ./Drivers/STM32L4xx_HAL_Driver/Src/stm32l4xx_hal_cortex.o
 .ARM.attributes
                0x000002e7       0x34 ./Drivers/STM32L4xx_HAL_Driver/Src/stm32l4xx_hal_gpio.o
 .ARM.attributes
                0x0000031b       0x34 ./Drivers/STM32L4xx_HAL_Driver/Src/stm32l4xx_hal_pwr_ex.o
 .ARM.attributes
                0x0000034f       0x34 ./Drivers/STM32L4xx_HAL_Driver/Src/stm32l4xx_hal_rcc.o
 .ARM.attributes
                0x00000383       0x34 ./Drivers/STM32L4xx_HAL_Driver/Src/stm32l4xx_hal_rcc_ex.o
 .ARM.attributes
                0x000003b7       0x34 ./Drivers/STM32L4xx_HAL_Driver/Src/stm32l4xx_hal_spi.o
 .ARM.attributes
                0x000003eb       0x34 ./Drivers/STM32L4xx_HAL_Driver/Src/stm32l4xx_hal_tim.o
 .ARM.attributes
                0x0000041f       0x34 ./Drivers/STM32L4xx_HAL_Driver/Src/stm32l4xx_hal_tim_ex.o
 .ARM.attributes
                0x00000453       0x34 ./Drivers/STM32L4xx_HAL_Driver/Src/stm32l4xx_hal_uart.o
 .ARM.attributes
                0x00000487       0x34 C:/ST/STM32CubeIDE_1.19.0/STM32CubeIDE/plugins/com.st.stm32cube.ide.mcu.externaltools.gnu-tools-for-stm32.13.3.rel1.win32_1.0.0.202411081344/tools/bin/../lib/gcc/arm-none-eabi/13.3.1/../../../../arm-none-eabi/lib/thumb/v7e-m+fp/hard\libc_nano.a(libc_a-memset.o)
 .ARM.attributes
                0x000004bb       0x34 C:/ST/STM32CubeIDE_1.19.0/STM32CubeIDE/plugins/com.st.stm32cube.ide.mcu.externaltools.gnu-tools-for-stm32.13.3.rel1.win32_1.0.0.202411081344/tools/bin/../lib/gcc/arm-none-eabi/13.3.1/../../../../arm-none-eabi/lib/thumb/v7e-m+fp/hard\libc_nano.a(libc_a-init.o)
 .ARM.attributes
                0x000004ef       0x22 C:/ST/STM32CubeIDE_1.19.0/STM32CubeIDE/plugins/com.st.stm32cube.ide.mcu.externaltools.gnu-tools-for-stm32.13.3.rel1.win32_1.0.0.202411081344/tools/bin/../lib/gcc/arm-none-eabi/13.3.1/thumb/v7e-m+fp/hard\libgcc.a(_aeabi_uldivmod.o)
 .ARM.attributes
                0x00000511       0x34 C:/ST/STM32CubeIDE_1.19.0/STM32CubeIDE/plugins/com.st.stm32cube.ide.mcu.externaltools.gnu-tools-for-stm32.13.3.rel1.win32_1.0.0.202411081344/tools/bin/../lib/gcc/arm-none-eabi/13.3.1/thumb/v7e-m+fp/hard\libgcc.a(_udivmoddi4.o)
 .ARM.attributes
                0x00000545       0x22 C:/ST/STM32CubeIDE_1.19.0/STM32CubeIDE/plugins/com.st.stm32cube.ide.mcu.externaltools.gnu-tools-for-stm32.13.3.rel1.win32_1.0.0.202411081344/tools/bin/../lib/gcc/arm-none-eabi/13.3.1/thumb/v7e-m+fp/hard\libgcc.a(_dvmd_tls.o)
 .ARM.attributes
                0x00000567       0x22 C:/ST/STM32CubeIDE_1.19.0/STM32CubeIDE/plugins/com.st.stm32cube.ide.mcu.externaltools.gnu-tools-for-stm32.13.3.rel1.win32_1.0.0.202411081344/tools/bin/../lib/gcc/arm-none-eabi/13.3.1/thumb/v7e-m+fp/hard/crtn.o
OUTPUT(traffic-light.elf elf32-littlearm)
LOAD linker stubs
LOAD C:/ST/STM32CubeIDE_1.19.0/STM32CubeIDE/plugins/com.st.stm32cube.ide.mcu.externaltools.gnu-tools-for-stm32.13.3.rel1.win32_1.0.0.202411081344/tools/bin/../lib/gcc/arm-none-eabi/13.3.1/../../../../arm-none-eabi/lib/thumb/v7e-m+fp/hard\libc.a
LOAD C:/ST/STM32CubeIDE_1.19.0/STM32CubeIDE/plugins/com.st.stm32cube.ide.mcu.externaltools.gnu-tools-for-stm32.13.3.rel1.win32_1.0.0.202411081344/tools/bin/../lib/gcc/arm-none-eabi/13.3.1/../../../../arm-none-eabi/lib/thumb/v7e-m+fp/hard\libm.a
LOAD C:/ST/STM32CubeIDE_1.19.0/STM32CubeIDE/plugins/com.st.stm32cube.ide.mcu.externaltools.gnu-tools-for-stm32.13.3.rel1.win32_1.0.0.202411081344/tools/bin/../lib/gcc/arm-none-eabi/13.3.1/thumb/v7e-m+fp/hard\libgcc.a

.debug_info     0x00000000    0x12ac3
 .debug_info    0x00000000      0x723 ./Core/Src/gpio.o
 .debug_info    0x00000723      0x317 ./Core/Src/intersectionControl.o
 .debug_info    0x00000a3a      0x862 ./Core/Src/lightCycle.o
 .debug_info    0x0000129c      0xa6b ./Core/Src/main.o
 .debug_info    0x00001d07      0xa46 ./Core/Src/spi.o
 .debug_info    0x0000274d      0x301 ./Core/Src/stm32l4xx_hal_msp.o
 .debug_info    0x00002a4e      0x7b1 ./Core/Src/stm32l4xx_it.o
 .debug_info    0x000031ff      0x5e2 ./Core/Src/system_stm32l4xx.o
 .debug_info    0x000037e1      0xce7 ./Core/Src/tim.o
 .debug_info    0x000044c8      0xd0d ./Core/Src/usart.o
 .debug_info    0x000051d5       0x30 ./Core/Startup/startup_stm32l476rgtx.o
 .debug_info    0x00005205      0xc4d ./Drivers/STM32L4xx_HAL_Driver/Src/stm32l4xx_hal.o
 .debug_info    0x00005e52      0xdad ./Drivers/STM32L4xx_HAL_Driver/Src/stm32l4xx_hal_cortex.o
 .debug_info    0x00006bff      0x79f ./Drivers/STM32L4xx_HAL_Driver/Src/stm32l4xx_hal_gpio.o
 .debug_info    0x0000739e      0x9ca ./Drivers/STM32L4xx_HAL_Driver/Src/stm32l4xx_hal_pwr_ex.o
 .debug_info    0x00007d68      0xc45 ./Drivers/STM32L4xx_HAL_Driver/Src/stm32l4xx_hal_rcc.o
 .debug_info    0x000089ad      0xe58 ./Drivers/STM32L4xx_HAL_Driver/Src/stm32l4xx_hal_rcc_ex.o
 .debug_info    0x00009805     0x1572 ./Drivers/STM32L4xx_HAL_Driver/Src/stm32l4xx_hal_spi.o
 .debug_info    0x0000ad77     0x2ade ./Drivers/STM32L4xx_HAL_Driver/Src/stm32l4xx_hal_tim.o
 .debug_info    0x0000d855     0x16e0 ./Drivers/STM32L4xx_HAL_Driver/Src/stm32l4xx_hal_tim_ex.o
 .debug_info    0x0000ef35     0x3b8e ./Drivers/STM32L4xx_HAL_Driver/Src/stm32l4xx_hal_uart.o

.debug_abbrev   0x00000000     0x29c9
 .debug_abbrev  0x00000000      0x161 ./Core/Src/gpio.o
 .debug_abbrev  0x00000161      0x145 ./Core/Src/intersectionControl.o
 .debug_abbrev  0x000002a6      0x213 ./Core/Src/lightCycle.o
 .debug_abbrev  0x000004b9      0x227 ./Core/Src/main.o
 .debug_abbrev  0x000006e0      0x1fe ./Core/Src/spi.o
 .debug_abbrev  0x000008de       0xdd ./Core/Src/stm32l4xx_hal_msp.o
 .debug_abbrev  0x000009bb      0x1bd ./Core/Src/stm32l4xx_it.o
 .debug_abbrev  0x00000b78      0x117 ./Core/Src/system_stm32l4xx.o
 .debug_abbrev  0x00000c8f      0x1f6 ./Core/Src/tim.o
 .debug_abbrev  0x00000e85      0x1f4 ./Core/Src/usart.o
 .debug_abbrev  0x00001079       0x24 ./Core/Startup/startup_stm32l476rgtx.o
 .debug_abbrev  0x0000109d      0x243 ./Drivers/STM32L4xx_HAL_Driver/Src/stm32l4xx_hal.o
 .debug_abbrev  0x000012e0      0x31c ./Drivers/STM32L4xx_HAL_Driver/Src/stm32l4xx_hal_cortex.o
 .debug_abbrev  0x000015fc      0x1d1 ./Drivers/STM32L4xx_HAL_Driver/Src/stm32l4xx_hal_gpio.o
 .debug_abbrev  0x000017cd      0x1f9 ./Drivers/STM32L4xx_HAL_Driver/Src/stm32l4xx_hal_pwr_ex.o
 .debug_abbrev  0x000019c6      0x2dc ./Drivers/STM32L4xx_HAL_Driver/Src/stm32l4xx_hal_rcc.o
 .debug_abbrev  0x00001ca2      0x2a5 ./Drivers/STM32L4xx_HAL_Driver/Src/stm32l4xx_hal_rcc_ex.o
 .debug_abbrev  0x00001f47      0x282 ./Drivers/STM32L4xx_HAL_Driver/Src/stm32l4xx_hal_spi.o
 .debug_abbrev  0x000021c9      0x289 ./Drivers/STM32L4xx_HAL_Driver/Src/stm32l4xx_hal_tim.o
 .debug_abbrev  0x00002452      0x284 ./Drivers/STM32L4xx_HAL_Driver/Src/stm32l4xx_hal_tim_ex.o
 .debug_abbrev  0x000026d6      0x2f3 ./Drivers/STM32L4xx_HAL_Driver/Src/stm32l4xx_hal_uart.o

.debug_aranges  0x00000000     0x1138
 .debug_aranges
                0x00000000       0x20 ./Core/Src/gpio.o
 .debug_aranges
                0x00000020       0x58 ./Core/Src/intersectionControl.o
 .debug_aranges
                0x00000078       0x48 ./Core/Src/lightCycle.o
 .debug_aranges
                0x000000c0       0x30 ./Core/Src/main.o
 .debug_aranges
                0x000000f0       0x38 ./Core/Src/spi.o
 .debug_aranges
                0x00000128       0x20 ./Core/Src/stm32l4xx_hal_msp.o
 .debug_aranges
                0x00000148       0x80 ./Core/Src/stm32l4xx_it.o
 .debug_aranges
                0x000001c8       0x28 ./Core/Src/system_stm32l4xx.o
 .debug_aranges
                0x000001f0       0x30 ./Core/Src/tim.o
 .debug_aranges
                0x00000220       0x30 ./Core/Src/usart.o
 .debug_aranges
                0x00000250       0x28 ./Core/Startup/startup_stm32l476rgtx.o
 .debug_aranges
                0x00000278      0x130 ./Drivers/STM32L4xx_HAL_Driver/Src/stm32l4xx_hal.o
 .debug_aranges
                0x000003a8      0x128 ./Drivers/STM32L4xx_HAL_Driver/Src/stm32l4xx_hal_cortex.o
 .debug_aranges
                0x000004d0       0x58 ./Drivers/STM32L4xx_HAL_Driver/Src/stm32l4xx_hal_gpio.o
 .debug_aranges
                0x00000528      0x160 ./Drivers/STM32L4xx_HAL_Driver/Src/stm32l4xx_hal_pwr_ex.o
 .debug_aranges
                0x00000688       0x90 ./Drivers/STM32L4xx_HAL_Driver/Src/stm32l4xx_hal_rcc.o
 .debug_aranges
                0x00000718       0xc0 ./Drivers/STM32L4xx_HAL_Driver/Src/stm32l4xx_hal_rcc_ex.o
 .debug_aranges
                0x000007d8      0x1d8 ./Drivers/STM32L4xx_HAL_Driver/Src/stm32l4xx_hal_spi.o
 .debug_aranges
                0x000009b0      0x3e0 ./Drivers/STM32L4xx_HAL_Driver/Src/stm32l4xx_hal_tim.o
 .debug_aranges
                0x00000d90      0x180 ./Drivers/STM32L4xx_HAL_Driver/Src/stm32l4xx_hal_tim_ex.o
 .debug_aranges
                0x00000f10      0x228 ./Drivers/STM32L4xx_HAL_Driver/Src/stm32l4xx_hal_uart.o

.debug_rnglists
                0x00000000      0xd69
 .debug_rnglists
                0x00000000       0x14 ./Core/Src/gpio.o
 .debug_rnglists
                0x00000014       0x40 ./Core/Src/intersectionControl.o
 .debug_rnglists
                0x00000054       0x34 ./Core/Src/lightCycle.o
 .debug_rnglists
                0x00000088       0x20 ./Core/Src/main.o
 .debug_rnglists
                0x000000a8       0x26 ./Core/Src/spi.o
 .debug_rnglists
                0x000000ce       0x13 ./Core/Src/stm32l4xx_hal_msp.o
 .debug_rnglists
                0x000000e1       0x5b ./Core/Src/stm32l4xx_it.o
 .debug_rnglists
                0x0000013c       0x1a ./Core/Src/system_stm32l4xx.o
 .debug_rnglists
                0x00000156       0x20 ./Core/Src/tim.o
 .debug_rnglists
                0x00000176       0x20 ./Core/Src/usart.o
 .debug_rnglists
                0x00000196       0x19 ./Core/Startup/startup_stm32l476rgtx.o
 .debug_rnglists
                0x000001af       0xdf ./Drivers/STM32L4xx_HAL_Driver/Src/stm32l4xx_hal.o
 .debug_rnglists
                0x0000028e       0xda ./Drivers/STM32L4xx_HAL_Driver/Src/stm32l4xx_hal_cortex.o
 .debug_rnglists
                0x00000368       0x3f ./Drivers/STM32L4xx_HAL_Driver/Src/stm32l4xx_hal_gpio.o
 .debug_rnglists
                0x000003a7      0x109 ./Drivers/STM32L4xx_HAL_Driver/Src/stm32l4xx_hal_pwr_ex.o
 .debug_rnglists
                0x000004b0       0x6d ./Drivers/STM32L4xx_HAL_Driver/Src/stm32l4xx_hal_rcc.o
 .debug_rnglists
                0x0000051d       0x95 ./Drivers/STM32L4xx_HAL_Driver/Src/stm32l4xx_hal_rcc_ex.o
 .debug_rnglists
                0x000005b2      0x178 ./Drivers/STM32L4xx_HAL_Driver/Src/stm32l4xx_hal_spi.o
 .debug_rnglists
                0x0000072a      0x32c ./Drivers/STM32L4xx_HAL_Driver/Src/stm32l4xx_hal_tim.o
 .debug_rnglists
                0x00000a56      0x139 ./Drivers/STM32L4xx_HAL_Driver/Src/stm32l4xx_hal_tim_ex.o
 .debug_rnglists
                0x00000b8f      0x1da ./Drivers/STM32L4xx_HAL_Driver/Src/stm32l4xx_hal_uart.o

.debug_macro    0x00000000    0x2881c
 .debug_macro   0x00000000      0x1fd ./Core/Src/gpio.o
 .debug_macro   0x000001fd      0xad8 ./Core/Src/gpio.o
 .debug_macro   0x00000cd5      0x1ad ./Core/Src/gpio.o
 .debug_macro   0x00000e82       0x2e ./Core/Src/gpio.o
 .debug_macro   0x00000eb0       0x28 ./Core/Src/gpio.o
 .debug_macro   0x00000ed8       0x22 ./Core/Src/gpio.o
 .debug_macro   0x00000efa       0x8e ./Core/Src/gpio.o
 .debug_macro   0x00000f88       0x51 ./Core/Src/gpio.o
 .debug_macro   0x00000fd9      0x103 ./Core/Src/gpio.o
 .debug_macro   0x000010dc       0x6a ./Core/Src/gpio.o
 .debug_macro   0x00001146      0x1df ./Core/Src/gpio.o
 .debug_macro   0x00001325       0x1c ./Core/Src/gpio.o
 .debug_macro   0x00001341       0x22 ./Core/Src/gpio.o
 .debug_macro   0x00001363       0xfb ./Core/Src/gpio.o
 .debug_macro   0x0000145e     0x1011 ./Core/Src/gpio.o
 .debug_macro   0x0000246f      0x11f ./Core/Src/gpio.o
 .debug_macro   0x0000258e    0x1a192 ./Core/Src/gpio.o
 .debug_macro   0x0001c720       0x6d ./Core/Src/gpio.o
 .debug_macro   0x0001c78d     0x38fb ./Core/Src/gpio.o
 .debug_macro   0x00020088      0x190 ./Core/Src/gpio.o
 .debug_macro   0x00020218       0x5c ./Core/Src/gpio.o
 .debug_macro   0x00020274     0x159e ./Core/Src/gpio.o
 .debug_macro   0x00021812      0x5a5 ./Core/Src/gpio.o
 .debug_macro   0x00021db7      0x1b9 ./Core/Src/gpio.o
 .debug_macro   0x00021f70      0x18b ./Core/Src/gpio.o
 .debug_macro   0x000220fb      0x2c4 ./Core/Src/gpio.o
 .debug_macro   0x000223bf      0x27a ./Core/Src/gpio.o
 .debug_macro   0x00022639      0x23d ./Core/Src/gpio.o
 .debug_macro   0x00022876      0x241 ./Core/Src/gpio.o
 .debug_macro   0x00022ab7      0x37c ./Core/Src/gpio.o
 .debug_macro   0x00022e33       0xd6 ./Core/Src/gpio.o
 .debug_macro   0x00022f09      0x122 ./Core/Src/gpio.o
 .debug_macro   0x0002302b      0x3ef ./Core/Src/gpio.o
 .debug_macro   0x0002341a      0x2fe ./Core/Src/gpio.o
 .debug_macro   0x00023718      0xa98 ./Core/Src/gpio.o
 .debug_macro   0x000241b0      0x1e6 ./Core/Src/gpio.o
 .debug_macro   0x00024396      0x5cf ./Core/Src/gpio.o
 .debug_macro   0x00024965       0x44 ./Core/Src/gpio.o
 .debug_macro   0x000249a9      0x330 ./Core/Src/gpio.o
 .debug_macro   0x00024cd9       0xe8 ./Core/Src/gpio.o
 .debug_macro   0x00024dc1      0x356 ./Core/Src/intersectionControl.o
 .debug_macro   0x00025117       0x5b ./Core/Src/intersectionControl.o
 .debug_macro   0x00025172       0x2a ./Core/Src/intersectionControl.o
 .debug_macro   0x0002519c       0x94 ./Core/Src/intersectionControl.o
 .debug_macro   0x00025230       0x43 ./Core/Src/intersectionControl.o
 .debug_macro   0x00025273       0x34 ./Core/Src/intersectionControl.o
 .debug_macro   0x000252a7       0x16 ./Core/Src/intersectionControl.o
 .debug_macro   0x000252bd       0x57 ./Core/Src/intersectionControl.o
 .debug_macro   0x00025314       0x9e ./Core/Src/intersectionControl.o
 .debug_macro   0x000253b2      0x370 ./Core/Src/intersectionControl.o
 .debug_macro   0x00025722      0x112 ./Core/Src/intersectionControl.o
 .debug_macro   0x00025834       0x10 ./Core/Src/intersectionControl.o
 .debug_macro   0x00025844       0x16 ./Core/Src/intersectionControl.o
 .debug_macro   0x0002585a       0x4a ./Core/Src/intersectionControl.o
 .debug_macro   0x000258a4       0x34 ./Core/Src/intersectionControl.o
 .debug_macro   0x000258d8       0x10 ./Core/Src/intersectionControl.o
 .debug_macro   0x000258e8       0x58 ./Core/Src/intersectionControl.o
 .debug_macro   0x00025940       0x8e ./Core/Src/intersectionControl.o
 .debug_macro   0x000259ce       0x1c ./Core/Src/intersectionControl.o
 .debug_macro   0x000259ea      0x185 ./Core/Src/intersectionControl.o
 .debug_macro   0x00025b6f       0x16 ./Core/Src/intersectionControl.o
 .debug_macro   0x00025b85       0x16 ./Core/Src/intersectionControl.o
 .debug_macro   0x00025b9b      0x146 ./Core/Src/intersectionControl.o
 .debug_macro   0x00025ce1       0x16 ./Core/Src/intersectionControl.o
 .debug_macro   0x00025cf7       0x3c ./Core/Src/intersectionControl.o
 .debug_macro   0x00025d33       0x16 ./Core/Src/intersectionControl.o
 .debug_macro   0x00025d49       0x29 ./Core/Src/intersectionControl.o
 .debug_macro   0x00025d72      0x460 ./Core/Src/intersectionControl.o
 .debug_macro   0x000261d2       0x94 ./Core/Src/intersectionControl.o
 .debug_macro   0x00026266       0x56 ./Core/Src/intersectionControl.o
 .debug_macro   0x000262bc      0x34c ./Core/Src/lightCycle.o
 .debug_macro   0x00026608      0x232 ./Core/Src/main.o
 .debug_macro   0x0002683a      0x1fd ./Core/Src/spi.o
 .debug_macro   0x00026a37      0x1f3 ./Core/Src/stm32l4xx_hal_msp.o
 .debug_macro   0x00026c2a      0x207 ./Core/Src/stm32l4xx_it.o
 .debug_macro   0x00026e31      0x1e4 ./Core/Src/system_stm32l4xx.o
 .debug_macro   0x00027015      0x1fd ./Core/Src/tim.o
 .debug_macro   0x00027212      0x1fd ./Core/Src/usart.o
 .debug_macro   0x0002740f      0x232 ./Drivers/STM32L4xx_HAL_Driver/Src/stm32l4xx_hal.o
 .debug_macro   0x00027641      0x1e4 ./Drivers/STM32L4xx_HAL_Driver/Src/stm32l4xx_hal_cortex.o
 .debug_macro   0x00027825      0x1eb ./Drivers/STM32L4xx_HAL_Driver/Src/stm32l4xx_hal_gpio.o
 .debug_macro   0x00027a10      0x208 ./Drivers/STM32L4xx_HAL_Driver/Src/stm32l4xx_hal_pwr_ex.o
 .debug_macro   0x00027c18      0x226 ./Drivers/STM32L4xx_HAL_Driver/Src/stm32l4xx_hal_rcc.o
 .debug_macro   0x00027e3e      0x21a ./Drivers/STM32L4xx_HAL_Driver/Src/stm32l4xx_hal_rcc_ex.o
 .debug_macro   0x00028058      0x1ec ./Drivers/STM32L4xx_HAL_Driver/Src/stm32l4xx_hal_spi.o
 .debug_macro   0x00028244      0x1e5 ./Drivers/STM32L4xx_HAL_Driver/Src/stm32l4xx_hal_tim.o
 .debug_macro   0x00028429      0x1e4 ./Drivers/STM32L4xx_HAL_Driver/Src/stm32l4xx_hal_tim_ex.o
 .debug_macro   0x0002860d      0x20f ./Drivers/STM32L4xx_HAL_Driver/Src/stm32l4xx_hal_uart.o

.debug_line     0x00000000    0x15be8
 .debug_line    0x00000000      0x7f3 ./Core/Src/gpio.o
 .debug_line    0x000007f3      0xccc ./Core/Src/intersectionControl.o
 .debug_line    0x000014bf      0xb36 ./Core/Src/lightCycle.o
 .debug_line    0x00001ff5      0x873 ./Core/Src/main.o
 .debug_line    0x00002868      0x8ac ./Core/Src/spi.o
 .debug_line    0x00003114      0x78e ./Core/Src/stm32l4xx_hal_msp.o
 .debug_line    0x000038a2      0x8ba ./Core/Src/stm32l4xx_it.o
 .debug_line    0x0000415c      0x82c ./Core/Src/system_stm32l4xx.o
 .debug_line    0x00004988      0x808 ./Core/Src/tim.o
 .debug_line    0x00005190      0x818 ./Core/Src/usart.o
 .debug_line    0x000059a8       0x7a ./Core/Startup/startup_stm32l476rgtx.o
 .debug_line    0x00005a22      0xb95 ./Drivers/STM32L4xx_HAL_Driver/Src/stm32l4xx_hal.o
 .debug_line    0x000065b7      0xd2f ./Drivers/STM32L4xx_HAL_Driver/Src/stm32l4xx_hal_cortex.o
 .debug_line    0x000072e6      0xbe8 ./Drivers/STM32L4xx_HAL_Driver/Src/stm32l4xx_hal_gpio.o
 .debug_line    0x00007ece      0xd76 ./Drivers/STM32L4xx_HAL_Driver/Src/stm32l4xx_hal_pwr_ex.o
 .debug_line    0x00008c44     0x10e9 ./Drivers/STM32L4xx_HAL_Driver/Src/stm32l4xx_hal_rcc.o
 .debug_line    0x00009d2d     0x15b7 ./Drivers/STM32L4xx_HAL_Driver/Src/stm32l4xx_hal_rcc_ex.o
 .debug_line    0x0000b2e4     0x2074 ./Drivers/STM32L4xx_HAL_Driver/Src/stm32l4xx_hal_spi.o
 .debug_line    0x0000d358     0x3ef8 ./Drivers/STM32L4xx_HAL_Driver/Src/stm32l4xx_hal_tim.o
 .debug_line    0x00011250     0x1bd1 ./Drivers/STM32L4xx_HAL_Driver/Src/stm32l4xx_hal_tim_ex.o
 .debug_line    0x00012e21     0x2dc7 ./Drivers/STM32L4xx_HAL_Driver/Src/stm32l4xx_hal_uart.o

.debug_str      0x00000000    0xf75f5
 .debug_str     0x00000000    0xf75f5 ./Core/Src/gpio.o
                              0xee30f (size before relaxing)
 .debug_str     0x000f75f5    0xf278f ./Core/Src/intersectionControl.o
 .debug_str     0x000f75f5    0xf2b41 ./Core/Src/lightCycle.o
 .debug_str     0x000f75f5    0xee520 ./Core/Src/main.o
 .debug_str     0x000f75f5    0xee229 ./Core/Src/spi.o
 .debug_str     0x000f75f5    0xedd2c ./Core/Src/stm32l4xx_hal_msp.o
 .debug_str     0x000f75f5    0xee22d ./Core/Src/stm32l4xx_it.o
 .debug_str     0x000f75f5    0xeda18 ./Core/Src/system_stm32l4xx.o
 .debug_str     0x000f75f5    0xee8e6 ./Core/Src/tim.o
 .debug_str     0x000f75f5    0xee514 ./Core/Src/usart.o
 .debug_str     0x000f75f5       0x92 ./Core/Startup/startup_stm32l476rgtx.o
 .debug_str     0x000f75f5    0xee62c ./Drivers/STM32L4xx_HAL_Driver/Src/stm32l4xx_hal.o
 .debug_str     0x000f75f5    0xee291 ./Drivers/STM32L4xx_HAL_Driver/Src/stm32l4xx_hal_cortex.o
 .debug_str     0x000f75f5    0xedba3 ./Drivers/STM32L4xx_HAL_Driver/Src/stm32l4xx_hal_gpio.o
 .debug_str     0x000f75f5    0xedf73 ./Drivers/STM32L4xx_HAL_Driver/Src/stm32l4xx_hal_pwr_ex.o
 .debug_str     0x000f75f5    0xee05e ./Drivers/STM32L4xx_HAL_Driver/Src/stm32l4xx_hal_rcc.o
 .debug_str     0x000f75f5    0xee1e9 ./Drivers/STM32L4xx_HAL_Driver/Src/stm32l4xx_hal_rcc_ex.o
 .debug_str     0x000f75f5    0xee233 ./Drivers/STM32L4xx_HAL_Driver/Src/stm32l4xx_hal_spi.o
 .debug_str     0x000f75f5    0xeed6a ./Drivers/STM32L4xx_HAL_Driver/Src/stm32l4xx_hal_tim.o
 .debug_str     0x000f75f5    0xee67e ./Drivers/STM32L4xx_HAL_Driver/Src/stm32l4xx_hal_tim_ex.o
 .debug_str     0x000f75f5    0xee770 ./Drivers/STM32L4xx_HAL_Driver/Src/stm32l4xx_hal_uart.o

.comment        0x00000000       0x43
 .comment       0x00000000       0x43 ./Core/Src/gpio.o
                                 0x44 (size before relaxing)
 .comment       0x00000043       0x44 ./Core/Src/intersectionControl.o
 .comment       0x00000043       0x44 ./Core/Src/lightCycle.o
 .comment       0x00000043       0x44 ./Core/Src/main.o
 .comment       0x00000043       0x44 ./Core/Src/spi.o
 .comment       0x00000043       0x44 ./Core/Src/stm32l4xx_hal_msp.o
 .comment       0x00000043       0x44 ./Core/Src/stm32l4xx_it.o
 .comment       0x00000043       0x44 ./Core/Src/system_stm32l4xx.o
 .comment       0x00000043       0x44 ./Core/Src/tim.o
 .comment       0x00000043       0x44 ./Core/Src/usart.o
 .comment       0x00000043       0x44 ./Drivers/STM32L4xx_HAL_Driver/Src/stm32l4xx_hal.o
 .comment       0x00000043       0x44 ./Drivers/STM32L4xx_HAL_Driver/Src/stm32l4xx_hal_cortex.o
 .comment       0x00000043       0x44 ./Drivers/STM32L4xx_HAL_Driver/Src/stm32l4xx_hal_gpio.o
 .comment       0x00000043       0x44 ./Drivers/STM32L4xx_HAL_Driver/Src/stm32l4xx_hal_pwr_ex.o
 .comment       0x00000043       0x44 ./Drivers/STM32L4xx_HAL_Driver/Src/stm32l4xx_hal_rcc.o
 .comment       0x00000043       0x44 ./Drivers/STM32L4xx_HAL_Driver/Src/stm32l4xx_hal_rcc_ex.o
 .comment       0x00000043       0x44 ./Drivers/STM32L4xx_HAL_Driver/Src/stm32l4xx_hal_spi.o
 .comment       0x00000043       0x44 ./Drivers/STM32L4xx_HAL_Driver/Src/stm32l4xx_hal_tim.o
 .comment       0x00000043       0x44 ./Drivers/STM32L4xx_HAL_Driver/Src/stm32l4xx_hal_tim_ex.o
 .comment       0x00000043       0x44 ./Drivers/STM32L4xx_HAL_Driver/Src/stm32l4xx_hal_uart.o

.debug_frame    0x00000000     0x475c
 .debug_frame   0x00000000       0x34 ./Core/Src/gpio.o
 .debug_frame   0x00000034      0x11c ./Core/Src/intersectionControl.o
 .debug_frame   0x00000150       0xe8 ./Core/Src/lightCycle.o
 .debug_frame   0x00000238       0x68 ./Core/Src/main.o
 .debug_frame   0x000002a0       0x90 ./Core/Src/spi.o
 .debug_frame   0x00000330       0x38 ./Core/Src/stm32l4xx_hal_msp.o
 .debug_frame   0x00000368      0x174 ./Core/Src/stm32l4xx_it.o
 .debug_frame   0x000004dc       0x58 ./Core/Src/system_stm32l4xx.o
 .debug_frame   0x00000534       0x7c ./Core/Src/tim.o
 .debug_frame   0x000005b0       0x78 ./Core/Src/usart.o
 .debug_frame   0x00000628      0x498 ./Drivers/STM32L4xx_HAL_Driver/Src/stm32l4xx_hal.o
 .debug_frame   0x00000ac0      0x4e8 ./Drivers/STM32L4xx_HAL_Driver/Src/stm32l4xx_hal_cortex.o
 .debug_frame   0x00000fa8      0x14c ./Drivers/STM32L4xx_HAL_Driver/Src/stm32l4xx_hal_gpio.o
 .debug_frame   0x000010f4      0x584 ./Drivers/STM32L4xx_HAL_Driver/Src/stm32l4xx_hal_pwr_ex.o
 .debug_frame   0x00001678      0x21c ./Drivers/STM32L4xx_HAL_Driver/Src/stm32l4xx_hal_rcc.o
 .debug_frame   0x00001894      0x2fc ./Drivers/STM32L4xx_HAL_Driver/Src/stm32l4xx_hal_rcc_ex.o
 .debug_frame   0x00001b90      0x860 ./Drivers/STM32L4xx_HAL_Driver/Src/stm32l4xx_hal_spi.o
 .debug_frame   0x000023f0     0x121c ./Drivers/STM32L4xx_HAL_Driver/Src/stm32l4xx_hal_tim.o
 .debug_frame   0x0000360c      0x6b0 ./Drivers/STM32L4xx_HAL_Driver/Src/stm32l4xx_hal_tim_ex.o
 .debug_frame   0x00003cbc      0x9f4 ./Drivers/STM32L4xx_HAL_Driver/Src/stm32l4xx_hal_uart.o
 .debug_frame   0x000046b0       0x20 C:/ST/STM32CubeIDE_1.19.0/STM32CubeIDE/plugins/com.st.stm32cube.ide.mcu.externaltools.gnu-tools-for-stm32.13.3.rel1.win32_1.0.0.202411081344/tools/bin/../lib/gcc/arm-none-eabi/13.3.1/../../../../arm-none-eabi/lib/thumb/v7e-m+fp/hard\libc_nano.a(libc_a-memset.o)
 .debug_frame   0x000046d0       0x2c C:/ST/STM32CubeIDE_1.19.0/STM32CubeIDE/plugins/com.st.stm32cube.ide.mcu.externaltools.gnu-tools-for-stm32.13.3.rel1.win32_1.0.0.202411081344/tools/bin/../lib/gcc/arm-none-eabi/13.3.1/../../../../arm-none-eabi/lib/thumb/v7e-m+fp/hard\libc_nano.a(libc_a-init.o)
 .debug_frame   0x000046fc       0x2c C:/ST/STM32CubeIDE_1.19.0/STM32CubeIDE/plugins/com.st.stm32cube.ide.mcu.externaltools.gnu-tools-for-stm32.13.3.rel1.win32_1.0.0.202411081344/tools/bin/../lib/gcc/arm-none-eabi/13.3.1/thumb/v7e-m+fp/hard\libgcc.a(_aeabi_uldivmod.o)
 .debug_frame   0x00004728       0x34 C:/ST/STM32CubeIDE_1.19.0/STM32CubeIDE/plugins/com.st.stm32cube.ide.mcu.externaltools.gnu-tools-for-stm32.13.3.rel1.win32_1.0.0.202411081344/tools/bin/../lib/gcc/arm-none-eabi/13.3.1/thumb/v7e-m+fp/hard\libgcc.a(_udivmoddi4.o)

.debug_line_str
                0x00000000       0x76
 .debug_line_str
                0x00000000       0x76 ./Core/Startup/startup_stm32l476rgtx.o
